<html>
<body>
<pre>
<h1>µVision Build Log</h1>
<h2>Tool Versions:</h2>
IDE-Version: ¦ÌVision V5.38.0.0
Copyright (C) 2022 ARM Ltd and ARM Germany GmbH. All rights reserved.
License Information: Half Sweet, HalfSweet Studio, LIC=MPPLD-8GREK-122LE-50REA-GL92F-MVCIL
 
Tool Versions:
Toolchain:       MDK-ARM Plus  Version: 5.38.0.0
Toolchain Path:  C:\Keil_v5\ARM\ARMCLANG\Bin
C Compiler:      ArmClang.exe V6.19
Assembler:       Armasm.exe V6.19
Linker/Locator:  ArmLink.exe V6.19
Library Manager: ArmAr.exe V6.19
Hex Converter:   FromElf.exe V6.19
CPU DLL:         SARMCM3.DLL V5.38.0.0
Dialog DLL:      DARMCM1.DLL V1.19.6.0
Target DLL:      CMSIS_AGDI.dll V1.33.15.0
Dialog DLL:      TARMCM1.DLL V1.14.6.0
 
<h2>Project:</h2>
D:\GitHub\Air001-CoreMark\ARM-MDK\CoreMark.uvprojx
Project File Date:  04/16/2023

<h2>Output:</h2>
*** Using Compiler 'V6.19', folder: 'C:\Keil_v5\ARM\ARMCLANG\Bin'
Build target 'Project'
Note: source file 'RTE/Device/AIR001Dev/system_air001xx.c' - object file renamed from '.\Objects\system_air001xx.o' to '.\Objects\system_air001xx_1.o'.
../CoreMark/simple/ee_printf.c(17): warning: In file included from...
../CoreMark\coremark.h(38): warning: In file included from...
../CoreMark/simple\core_portme.h(66): warning: // comments are not allowed in this language [-Wcomment]
//#include <time.h>
^
../CoreMark/simple/ee_printf.c(19): warning: In file included from...
../AIR001xx_HAL_Driver/Inc\air001xx_hal.h(33): warning: In file included from...
../inc\air001xx_hal_conf.h(40): warning: // comments are not allowed in this language [-Wcomment]
//#define HAL_ADC_MODULE_ENABLED
^
../CoreMark/simple/ee_printf.c(19): warning: In file included from...
../AIR001xx_HAL_Driver/Inc\air001xx_hal.h(33): warning: In file included from...
../inc\air001xx_hal_conf.h(207): warning: In file included from...
../AIR001xx_HAL_Driver/Inc\air001xx_hal_rcc.h(32): warning: In file included from...
../AIR001xx_HAL_Driver/Inc/air001xx_hal_def.h(35): warning: In file included from...
C:/Users/HalfSweet/AppData/Local/Arm/Packs/AirM2M/AIR001xx_DFP/1.0.0/Device/Include\air001xx.h(83): warning: In file included from...
C:/Users/HalfSweet/AppData/Local/Arm/Packs/AirM2M/AIR001xx_DFP/1.0.0/Device/Include/air001_dev.h(100): warning: commas at the end of enumerator lists are a C99-specific feature [-Wc99-extensions]
  LED_IRQn                    = 30,     /*!< LED global Interrupt                                              */
                                  ^~
C:/Users/HalfSweet/AppData/Local/Arm/Packs/AirM2M/AIR001xx_DFP/1.0.0/Device/Include/air001_dev.h(304): warning: // comments are not allowed in this language [-Wcomment]
  //__IO uint32_t WINR;        /*!< IWDG Window register,    Address offset: 0x10 */
  ^
C:/Users/HalfSweet/AppData/Local/Arm/Packs/AirM2M/AIR001xx_DFP/1.0.0/Device/Include/air001_dev.h(4932): warning: no newline at end of file [-Wnewline-eof]
*/
  ^
../CoreMark/simple/ee_printf.c(32): warning: implicitly declaring library function 'vsnprintf' with type 'int (char *, unsigned int, const char *, __builtin_va_list)' [-Wimplicit-function-declaration]
    len = vsnprintf(buf, sizeof(buf),fmt, args);
          ^
../CoreMark/simple/ee_printf.c(32): note: include the header <stdio.h> or explicitly provide a declaration for 'vsnprintf'
../CoreMark/simple/ee_printf.c(32): warning: format string is not a string literal [-Wformat-nonliteral]
    len = vsnprintf(buf, sizeof(buf),fmt, args);
                                     ^~~
../CoreMark/simple/ee_printf.c(19): warning: In file included from...
../AIR001xx_HAL_Driver/Inc/air001xx_hal.h(33): warning: In file included from...
../inc\air001xx_hal_conf.h(307): warning: In file included from...
../AIR001xx_HAL_Driver/Inc\air001xx_hal_uart.h(192): warning: padding struct 'struct __UART_HandleTypeDef' with 1 byte to align 'ErrorCode' [-Wpadded]
  __IO uint32_t                 ErrorCode;        /*!< UART Error code                    */
                                ^
../CoreMark/simple/ee_printf.c(35): warning: implicit conversion loses integer precision: 'int' to 'uint16_t' (aka 'unsigned short') [-Wimplicit-int-conversion]
    HAL_UART_Transmit(&huart1, (uint8_t *)buf, len, 0xFFFF);
    ~~~~~~~~~~~~~~~~~                          ^~~
../CoreMark/simple/ee_printf.c(19): warning: In file included from...
../AIR001xx_HAL_Driver/Inc/air001xx_hal.h(33): warning: In file included from...
../inc\air001xx_hal_conf.h(219): warning: In file included from...
../AIR001xx_HAL_Driver/Inc\air001xx_hal_dma.h(124): warning: padding struct 'struct __DMA_HandleTypeDef' with 2 bytes to align 'Parent' [-Wpadded]
  void                  *Parent;                                                      /*!< Parent object state                    */
                         ^
10 warnings generated.
compiling ee_printf.c...
linking...
Program Size: Code=16820 RO-data=2148 RW-data=212 ZI-data=2764  
".\Objects\CoreMark.axf" - 0 Error(s), 10 Warning(s).

<h2>Software Packages used:</h2>

Package Vendor: ARM
                http://www.keil.com/pack/ARM.CMSIS.5.9.0.pack
                ARM.CMSIS.5.9.0
                CMSIS (Common Microcontroller Software Interface Standard)
   * Component: CORE Version: 5.6.0

Package Vendor: AirM2M
                https://luatos.com/t/air001/AirM2M.AIR001xx_DFP.1.0.0.pack
                AirM2M.AIR001xx_DFP.1.0.0
                AirM2M AIR001 Series Device Support
   * Component: Startup Version: 0.0.1

<h2>Collection of Component include folders:</h2>
  ./RTE/_Project
  C:/Users/HalfSweet/AppData/Local/Arm/Packs/ARM/CMSIS/5.9.0/CMSIS/Core/Include
  C:/Users/HalfSweet/AppData/Local/Arm/Packs/AirM2M/AIR001xx_DFP/1.0.0/Device/Include

<h2>Collection of Component Files used:</h2>

   * Component: ARM::CMSIS:CORE:5.6.0

   * Component: AirM2M::Device:Startup:0.0.1
      Source file:   Device/Source/ARM/startup_air001_dev.s
      Source file:   Device/Source/system_air001xx.c
      Include file:  Device/Include/air001xx.h
Build Time Elapsed:  00:00:01
</pre>
</body>
</html>
